Agent Expose: Web Single Answer: https://staging.kodosumi.io/sumi/web_single_answer_cc, price 10000 16a55b2a349361ff88c03788f93e1e966e5d689605d044fef722ddde.0014df10745553444d in 0.432 seconds
Agent is available and its input schema is loaded in 2.883 seconds
Deposit 87f5283ea9541ff6f563f20b817864bd5683c12f13fe561a2dc8ed9f9895dad0 submitted in 6.907 seconds
Deposit 87f5283ea9541ff6f563f20b817864bd5683c12f13fe561a2dc8ed9f9895dad0 is spendable in 144.101 seconds
Spendable note covers price 10000 plus fees 1000000 in 144.101 seconds
Settle 69c4014661a252ee35dd9cdf4f08d1a8b4799a6af7ac6767ef4f2a4b3ffb4144 submitted in 155.287 seconds
Settle 69c4014661a252ee35dd9cdf4f08d1a8b4799a6af7ac6767ef4f2a4b3ffb4144 confirmed and purchasing wallet funded in 233.863 seconds
Job 6ac6124d2173c611ccd0cb96 started with blockchainIdentifier 2986300c0cc06c08c04c01602704200e2921310158066130c0263e84026685718b8449a33e514f850804616e71af9a3001d885421f893e047060043384887034dd67e389c3521849644595cb18307041aceb98c67020d0202c1eae0ac3648d99dc48a1b884c30c44a42ba30d220142eac30147e9ccca49cec76f6b2a1ac68b41042102070d9d1b07960149c20220074ac6af8cab84820f8ce70f89c76b248e576b818ba1060f04260f619018cfc680d7db838601e305065606c44619ca97070ce1816cdc0f27010116542c830fc9c604801082262b050080f427050be5910dd0cc6bc44c09c16c4012613808593f1902a491f164b23234440303923828203583496b838850b2c021065c4307101c2450341b8a0c07506cd8963e1ec22814e04136c0280584008600c40e08040518030567e152ac526c1b262dc03ca4dd5a3851c73183385c48472cd05ac2208929ac468411a305400b7967643b1c879609a005c28a12062c024374125c416724a327e4216cda2cac95e4ea1b8028f363108d6c57d19d70783f1898cf81023b49ba322730631ba1eba213282a5fd1159b1088b012820fa8e6f1d0a0a67f2b228b27096404d2170bd684272819fa3de673d8c35a548d1d6871a4ce8333982d06cb12298d6f04d950d9bc1abed0e289129dce976b88880000 in 256.139 seconds
Masumi purchase 2986300c0cc06c08c04c01602704200e2921310158066130c0263e84026685718b8449a33e514f850804616e71af9a3001d885421f893e047060043384887034dd67e389c3521849644595cb18307041aceb98c67020d0202c1eae0ac3648d99dc48a1b884c30c44a42ba30d220142eac30147e9ccca49cec76f6b2a1ac68b41042102070d9d1b07960149c20220074ac6af8cab84820f8ce70f89c76b248e576b818ba1060f04260f619018cfc680d7db838601e305065606c44619ca97070ce1816cdc0f27010116542c830fc9c604801082262b050080f427050be5910dd0cc6bc44c09c16c4012613808593f1902a491f164b23234440303923828203583496b838850b2c021065c4307101c2450341b8a0c07506cd8963e1ec22814e04136c0280584008600c40e08040518030567e152ac526c1b262dc03ca4dd5a3851c73183385c48472cd05ac2208929ac468411a305400b7967643b1c879609a005c28a12062c024374125c416724a327e4216cda2cac95e4ea1b8028f363108d6c57d19d70783f1898cf81023b49ba322730631ba1eba213282a5fd1159b1088b012820fa8e6f1d0a0a67f2b228b27096404d2170bd684272819fa3de673d8c35a548d1d6871a4ce8333982d06cb12298d6f04d950d9bc1abed0e289129dce976b88880000 created on a Web3CardanoV1 source in 257.050 seconds
Escrow FundsLocked in transaction 0b2d5095d6f04804c7de5663deec89c8c39559a0a214a70968190ab172a0c2c2 in 515.825 seconds
Job 6ac6124d2173c611ccd0cb96 completed: "**Step 3: Format Response**\n\n---\n\n# Answer\n\nA zero-knowledge proof is a cryptographic protocol that allows a prover to convince a verifier that a statement is true without revealing any information beyond the validity of that statement itself.\n\n---\n\n## Sources\n\n1. [Zero-knowledge proofs | ethereum.org](https://ethereum.org/zero-knowledge-proofs/)\n   > A zero-knowledge proof is a way of proving the validity of a statement without revealing the statement itself. The 'prover' is the party trying to prove a claim, while the 'verifier' is responsible for validating the claim.\n\n2. [Zero-knowledge proof](https://en.wikipedia.org/wiki/Zero_knowledge_proof)\n   > In cryptography, a zero-knowledge proof (also known as a ZK proof or ZKP) is a protocol in which one party (the prover) can convince another party (the verifier) that some given statement is true.\n\n3. [Proving Everything While Revealing Nothing: An Introduction to Zero-Knowledge Proofs | The Illogician](https://resources.illc.uva.nl/TheIllogician/posts/2026-i-mariana/)\n   > Proving Everything While Revealing Nothing: An Introduction to Zero-Knowledge Proofs\n\n4. [An intensive introduction to cryptography: Zero Knowledge proofs](https://intensecrypto.org/public/lec_14_zero_knowledge.html)\n   > The notion of proof is central to so many fields. In mathematics, we want to prove that a certain assertion is true.\n\n5. [Zero-knowledge proofs explained in 5 levels of difficulty | ethereum.org](https://ethereum.org/videos/zero-knowledge-proofs-5-levels/)\n   > A computer scientist explains zero-knowledge proofs at five different levels of complexity.\n\n6. [Lecture 19: Zero-Knowledge Proofs I](https://www.cs.cmu.edu/~goyal/s18/15503/scribe_notes/lecture21.pdf)\n   > The notion of an interactive protocol is central to modern cryptography.\n\n7. [Zero-Knowledge Proofs](https://www.cs.jhu.edu/~abhishek/classes/CS600-642-442-Fall2019/L10.pdf)\n   > Invented by Goldwasser, Micali and Rackoff. Paper rejected three times! Eventually published and won Gödel Prize.\n\n8. [Why and How zk-SNARK Works: Definitive Explanation](https://arxiv.org/abs/1906.07221)\n   > Despite the existence of multiple great resources on zk-SNARKs, this paper provides a definitive explanation.\n\n---\n\n*Powered by Exa.ai*" in 517.179 seconds
What the chain shows, on the explorer:
  Pool              https://preprod.cardanoscan.io/address/addr_test1wpz3ul73ektd57lzg7glcuz8xs3767dyqs2e8duyltf0r6c2cpd4d
  Agent's wallet    https://preprod.cardanoscan.io/address/addr_test1vz8etvadesg5a9stprjnajwqwr3g4u4d4pd0dgx9cslc76ch39334
  Deposit           https://preprod.cardanoscan.io/transaction/87f5283ea9541ff6f563f20b817864bd5683c12f13fe561a2dc8ed9f9895dad0
                    from the agent's wallet, in public like any deposit
  Private payment   https://preprod.cardanoscan.io/transaction/69c4014661a252ee35dd9cdf4f08d1a8b4799a6af7ac6767ef4f2a4b3ffb4144
                    the pool pays the Masumi node's purchasing wallet with a proof; no deposit is named
  Purchasing wallet https://preprod.cardanoscan.io/address/addr_test1qzt68gmewmcxczgmrz4h2lye29cv34vu0qard9pd8kmze06j3f6ap4jyrdplmta28nsjzty92ksxy5wm0ypend0kfasqxlrrny
  Escrow lock       https://preprod.cardanoscan.io/transaction/0b2d5095d6f04804c7de5663deec89c8c39559a0a214a70968190ab172a0c2c2
                    the purchasing wallet locks the price in the Masumi escrow, as any Masumi buyer does
  Escrow contract   https://preprod.cardanoscan.io/address/addr_test1wz7j4kmg2cs7yf92uat3ed4a3u97kr7axxr4avaz0lhwdsqukgwfm
  Agent             https://staging.kodosumi.io/sumi/web_single_answer_cc, job 6ac6124d2173c611ccd0cb96
Not on the chain: any link from the agent's wallet or its deposit to the purchasing wallet, the escrow or the Masumi agent.
